[backblue.gif]
[fade.gif]
[index.html]
[html.designingmedia.com/redlight/assets/images/favicons/apple-icon-57x57.png]
[html.designingmedia.com/redlight/assets/images/favicons/apple-icon-60x60.png]
[html.designingmedia.com/redlight/assets/images/favicons/apple-icon-72x72.png]
[html.designingmedia.com/redlight/assets/images/favicons/apple-icon-76x76.png]
[html.designingmedia.com/redlight/assets/images/favicons/apple-icon-114x114.png]
[html.designingmedia.com/redlight/assets/images/favicons/apple-icon-120x120.png]
[html.designingmedia.com/redlight/assets/images/favicons/apple-icon-144x144.png]
[html.designingmedia.com/redlight/assets/images/favicons/apple-icon-152x152.png]
[html.designingmedia.com/redlight/assets/images/favicons/apple-icon-180x180.png]
[html.designingmedia.com/redlight/assets/images/favicons/android-icon-192x192.png]
[html.designingmedia.com/redlight/assets/images/favicons/favicon-32x32.png]
[html.designingmedia.com/redlight/assets/images/favicons/favicon-96x96.png]
[html.designingmedia.com/redlight/assets/images/favicons/favicon-16x16.png]
[html.designingmedia.com/redlight/assets/images/favicons/ms-icon-144x144.png]
[cdnjs.cloudflare.com/ajax/libs/font-awesome/5.9.0/css/all.min.css]
[cdnjs.cloudflare.com/ajax/libs/font-awesome/6.1.1/css/all.min.css]
[cdnjs.cloudflare.com/ajax/libs/font-awesome/6.1.2/css/all.min.css]
[unpkg.com/aos@2.3.1/dist/aos.css]
[html.designingmedia.com/redlight/assets/images/redlight-logo.png]
[html.designingmedia.com/redlight/about.html]
[html.designingmedia.com/redlight/services.html]
[html.designingmedia.com/redlight/faq.html]
[html.designingmedia.com/redlight/teams.html]
[html.designingmedia.com/redlight/testimonial.html]
[html.designingmedia.com/redlight/single-post.html]
[html.designingmedia.com/redlight/infinite-scroll.html]
[html.designingmedia.com/redlight/load-more.html]
[html.designingmedia.com/redlight/one-column.html]
[html.designingmedia.com/redlight/two-column.html]
[html.designingmedia.com/redlight/three-column.html]
[html.designingmedia.com/redlight/three-colum-sidbar.html]
[html.designingmedia.com/redlight/four-column.html]
[html.designingmedia.com/redlight/six-colum-full-wide.html]
[html.designingmedia.com/redlight/pricing.html]
[html.designingmedia.com/redlight/contact.html]
[html.designingmedia.com/redlight/assets/images/banner-img.png]
[html.designingmedia.com/redlight/assets/images/companies-icon1.png]
[html.designingmedia.com/redlight/assets/images/companies-icon2.png]
[html.designingmedia.com/redlight/assets/images/companies-icon3.png]
[html.designingmedia.com/redlight/assets/images/companies-icon4.png]
[html.designingmedia.com/redlight/assets/images/companies-icon5.png]
[html.designingmedia.com/redlight/assets/images/companies-icon6.png]
[html.designingmedia.com/redlight/assets/images/about-us-section-right-icon.png]
[html.designingmedia.com/redlight/assets/images/about-round-icon1.png]
[html.designingmedia.com/redlight/assets/images/about-round-icon2.png]
[html.designingmedia.com/redlight/assets/images/about-round-icon3.png]
[html.designingmedia.com/redlight/assets/images/cyber-security-left-img.png]
[html.designingmedia.com/redlight/assets/images/cyber-section-icon1.png]
[html.designingmedia.com/redlight/assets/images/cyber-section-icon2.png]
[html.designingmedia.com/redlight/assets/images/cyber-section-icon3.png]
[html.designingmedia.com/redlight/assets/images/cyber-section-icon4.png]
[html.designingmedia.com/redlight/assets/images/cyber-security-right-img.png]
[html.designingmedia.com/redlight/assets/images/about-section2-left-img.png]
[html.designingmedia.com/redlight/assets/images/about-section2-icon1.png]
[html.designingmedia.com/redlight/assets/images/about-section2-icon2.png]
[html.designingmedia.com/redlight/assets/images/about-section2-icon3.png]
[html.designingmedia.com/redlight/assets/images/about-section2-icon4.png]
[html.designingmedia.com/redlight/assets/images/about-section2-icon6.png]
[html.designingmedia.com/redlight/assets/images/accordian-left-img.png]
[html.designingmedia.com/redlight/assets/images/pricing-plan-icon1.png]
[html.designingmedia.com/redlight/assets/images/pricing-plan-icon2.png]
[html.designingmedia.com/redlight/assets/images/pricing-plan-icon3.png]
[html.designingmedia.com/redlight/assets/images/about-team-img1.png]
[html.designingmedia.com/redlight/assets/images/about-team-img2.png]
[html.designingmedia.com/redlight/assets/images/about-team-img3.png]
[html.designingmedia.com/redlight/assets/images/blog-section-img1.png]
[html.designingmedia.com/redlight/assets/images/blog-section-img2.png]
[html.designingmedia.com/redlight/assets/images/blog-section-img3.png]
[html.designingmedia.com/redlight/assets/images/footer-left.png]
[code.jquery.com/jquery-1.12.1.min.js]
[html.designingmedia.com/redlight/assets/js/animations.js]
[html.designingmedia.com/redlight/assets/js/bootstrap.min.js]
[html.designingmedia.com/redlight/assets/js/jquery-3.6.0.min.js]
[html.designingmedia.com/redlight/assets/js/popper.min.js]
[html.designingmedia.com/redlight/assets/js/custom-script.js]
[html.designingmedia.com/redlight/assets/js/owl.carousel.js]
[unpkg.com/aos@2.3.1/dist/aos.js]
[html.designingmedia.com/redlight/assets/js/text-animations.js]
[html.designingmedia.com/redlight/index.html]
[html.designingmedia.com/redlight/assets/css/bootstrap.min.css]
[html.designingmedia.com/redlight/assets/css/style.css]
[html.designingmedia.com/redlight/assets/css/mobile.css]
[cdnjs.cloudflare.com/ajax/libs/font-awesome/5.9.0/css/all.min.css]
[cdnjs.cloudflare.com/ajax/libs/font-awesome/6.1.1/css/all.min.css]
[cdnjs.cloudflare.com/ajax/libs/font-awesome/6.1.2/css/all.min.css]
[unpkg.com/aos@2.3.1/dist/aos.css]
[html.designingmedia.com/redlight/assets/images/about-us-page-right-img.png]
[html.designingmedia.com/redlight/assets/images/client-section-img1.png]
[html.designingmedia.com/redlight/assets/images/quotes-icon.png]
[html.designingmedia.com/redlight/assets/images/client-section-img2.png]
[html.designingmedia.com/redlight/about.html]
[html.designingmedia.com/redlight/services.html]
[cdnjs.cloudflare.com/ajax/libs/magnific-popup.js/1.1.0/magnific-popup.css]
[html.designingmedia.com/redlight/faq.html]
[html.designingmedia.com/redlight/assets/images/teams-img4.png]
[html.designingmedia.com/redlight/assets/images/teams-img5.png]
[html.designingmedia.com/redlight/assets/images/teams-img6.png]
[html.designingmedia.com/redlight/teams.html]
[html.designingmedia.com/redlight/assets/images/client-section-img3.png]
[html.designingmedia.com/redlight/assets/images/client-section-img4.png]
[html.designingmedia.com/redlight/assets/images/client-section-img5.png]
[html.designingmedia.com/redlight/assets/images/client-section-img6.png]
[html.designingmedia.com/redlight/testimonial.html]
[cdnjs.cloudflare.com/ajax/libs/font-awesome/4.7.0/css/font-awesome.min.css]
[html.designingmedia.com/redlight/assets/images/post-featured-img1.jpg]
[html.designingmedia.com/redlight/assets/images/review1.jpg]
[html.designingmedia.com/redlight/assets/images/review2.jpg]
[html.designingmedia.com/redlight/assets/images/side_post_img01.jpg]
[html.designingmedia.com/redlight/assets/images/side_post_img02.jpg]
[html.designingmedia.com/redlight/assets/images/side_post_img03.jpg]
[html.designingmedia.com/redlight/single-post.html]
[html.designingmedia.com/redlight/assets/images/standard_post_img01.jpg]
[html.designingmedia.com/redlight/assets/images/standard_post_img02.jpg]
[html.designingmedia.com/redlight/assets/images/standard_post_img06.jpg]
[html.designingmedia.com/redlight/assets/images/standard_post_img04.jpg]
[html.designingmedia.com/redlight/assets/images/standard_post_img03.jpg]
[html.designingmedia.com/redlight/assets/images/standard_post_img05.jpg]
[html.designingmedia.com/redlight/infinite-scroll.html]
[html.designingmedia.com/redlight/load-more.html]
[html.designingmedia.com/redlight/assets/images/post-featured.jpg]
[html.designingmedia.com/redlight/assets/images/post-featured2.jpg]
[html.designingmedia.com/redlight/assets/images/post-featured3.jpg]
[html.designingmedia.com/redlight/assets/images/post-featured4.jpg]
[html.designingmedia.com/redlight/one-column.html]
[html.designingmedia.com/redlight/two-column.html]
[html.designingmedia.com/redlight/three-column.html]
[html.designingmedia.com/redlight/three-colum-sidbar.html]
[html.designingmedia.com/redlight/four-column.html]
[html.designingmedia.com/redlight/six-colum-full-wide.html]
[html.designingmedia.com/redlight/pricing.html]
[html.designingmedia.com/redlight/assets/images/contact-icon1.png]
[html.designingmedia.com/redlight/assets/images/contact-icon2.png]
[html.designingmedia.com/redlight/assets/images/contact-icon3.png]
[html.designingmedia.com/redlight/contact.html]
[cdnjs.cloudflare.com/ajax/libs/magnific-popup.js/1.1.0/magnific-popup.css]
[html.designingmedia.com/redlight/assets/images/icon-folder.png]
[html.designingmedia.com/redlight/assets/css/custom-style.css]
[cdnjs.cloudflare.com/ajax/libs/font-awesome/4.7.0/css/font-awesome.min.css]
[html.designingmedia.com/redlight/assets/css/super-classes.css]
[html.designingmedia.com/redlight/about-us.html]
[html.designingmedia.com/redlight/case-studies.html]
[html.designingmedia.com/redlight/assets/css/super-class.html]
[html.designingmedia.com/redlight/assets/css/owl.carousel.min.html]
[html.designingmedia.com/redlight/assets/css/owl.theme.default.min.html]
[html.designingmedia.com/redlight/assets/image/review2.html]
[html.designingmedia.com/redlight/assets/image/side_post_img03.html]
[html.designingmedia.com/redlight/assets/image/side_post_img02.html]
[html.designingmedia.com/redlight/assets/image/side_post_img01.html]
[html.designingmedia.com/redlight/horse.html]
[html.designingmedia.com/redlight/assets/audio/horse.html]
[html.designingmedia.com/redlight/assets/image/bg-img.html]
[html.designingmedia.com/redlight/assets/image/left-white-circle.html]
[html.designingmedia.com/redlight/assets/image/right-white-circle.html]
